// Jest Snapshot v1, https://goo.gl/fbAQLP

exports[`Project Details renders without crashing given the required props 1`] = `
<Redirect
  push={false}
  to="/pages/login-page"
/>
`;
